[   85119ms] [ERROR] WebSocket connection to 'ws://localhost:3000/_next/webpack-hmr?id=mIpCVC3-GJ8AyzW_q3O6W' failed:  @ http://localhost:3000/_next/static/chunks/38e83_next_dist_client_cad49bac._.js:10878
[   86221ms] [ERROR] WebSocket connection to 'ws://localhost:3000/_next/webpack-hmr?id=mIpCVC3-GJ8AyzW_q3O6W' failed: Error in connection establishment: net::ERR_CONNECTION_REFUSED @ http://localhost:3000/_next/static/chunks/38e83_next_dist_client_cad49bac._.js:10878
[   87225ms] [ERROR] WebSocket connection to 'ws://localhost:3000/_next/webpack-hmr?id=mIpCVC3-GJ8AyzW_q3O6W' failed: Error in connection establishment: net::ERR_CONNECTION_REFUSED @ http://localhost:3000/_next/static/chunks/38e83_next_dist_client_cad49bac._.js:10878
[   88227ms] [ERROR] WebSocket connection to 'ws://localhost:3000/_next/webpack-hmr?id=mIpCVC3-GJ8AyzW_q3O6W' failed: Error in connection establishment: net::ERR_CONNECTION_REFUSED @ http://localhost:3000/_next/static/chunks/38e83_next_dist_client_cad49bac._.js:10878
[   89230ms] [ERROR] WebSocket connection to 'ws://localhost:3000/_next/webpack-hmr?id=mIpCVC3-GJ8AyzW_q3O6W' failed: Error in connection establishment: net::ERR_CONNECTION_REFUSED @ http://localhost:3000/_next/static/chunks/38e83_next_dist_client_cad49bac._.js:10878
[   90233ms] [ERROR] WebSocket connection to 'ws://localhost:3000/_next/webpack-hmr?id=mIpCVC3-GJ8AyzW_q3O6W' failed: Error in connection establishment: net::ERR_CONNECTION_REFUSED @ http://localhost:3000/_next/static/chunks/38e83_next_dist_client_cad49bac._.js:10878
[   95239ms] [ERROR] WebSocket connection to 'ws://localhost:3000/_next/webpack-hmr?id=mIpCVC3-GJ8AyzW_q3O6W' failed: Error in connection establishment: net::ERR_CONNECTION_REFUSED @ http://localhost:3000/_next/static/chunks/38e83_next_dist_client_cad49bac._.js:10878
[  100248ms] [ERROR] WebSocket connection to 'ws://localhost:3000/_next/webpack-hmr?id=mIpCVC3-GJ8AyzW_q3O6W' failed: Error in connection establishment: net::ERR_CONNECTION_REFUSED @ http://localhost:3000/_next/static/chunks/38e83_next_dist_client_cad49bac._.js:10878
[  105270ms] [ERROR] WebSocket connection to 'ws://localhost:3000/_next/webpack-hmr?id=mIpCVC3-GJ8AyzW_q3O6W' failed: Error in connection establishment: net::ERR_CONNECTION_REFUSED @ http://localhost:3000/_next/static/chunks/38e83_next_dist_client_cad49bac._.js:10878
[  110304ms] [ERROR] WebSocket connection to 'ws://localhost:3000/_next/webpack-hmr?id=mIpCVC3-GJ8AyzW_q3O6W' failed: Error in connection establishment: net::ERR_CONNECTION_REFUSED @ http://localhost:3000/_next/static/chunks/38e83_next_dist_client_cad49bac._.js:10878
[  115379ms] [ERROR] WebSocket connection to 'ws://localhost:3000/_next/webpack-hmr?id=mIpCVC3-GJ8AyzW_q3O6W' failed: Error in connection establishment: net::ERR_CONNECTION_REFUSED @ http://localhost:3000/_next/static/chunks/38e83_next_dist_client_cad49bac._.js:10878
[  120417ms] [ERROR] WebSocket connection to 'ws://localhost:3000/_next/webpack-hmr?id=mIpCVC3-GJ8AyzW_q3O6W' failed: Error in connection establishment: net::ERR_CONNECTION_REFUSED @ http://localhost:3000/_next/static/chunks/38e83_next_dist_client_cad49bac._.js:10878
[  125598ms] [ERROR] WebSocket connection to 'ws://localhost:3000/_next/webpack-hmr?id=mIpCVC3-GJ8AyzW_q3O6W' failed: Error in connection establishment: net::ERR_CONNECTION_REFUSED @ http://localhost:3000/_next/static/chunks/38e83_next_dist_client_cad49bac._.js:10878
[  522631ms] [INFO] %cDownload the React DevTools for a better development experience: https://react.dev/link/react-devtools font-weight:bold @ http://localhost:3000/_next/static/chunks/38e83_next_dist_fcd535bf._.js:2297
[  522708ms] [LOG] [HMR] connected @ http://localhost:3000/_next/static/chunks/38e83_next_dist_fcd535bf._.js:2297
[  525749ms] [WARNING] The resource http://localhost:3000/_next/static/media/caa3a2e1cccd8315-s.p.3b6cae6d.woff2 was preloaded using link preload but not used within a few seconds from the window's load event. Please make sure it has an appropriate `as` value and it is preloaded intentionally. @ http://localhost:3000/merchant/login:0
[  525749ms] [WARNING] The resource http://localhost:3000/_next/static/chunks/%5Broot-of-the-server%5D__86e6d70c._.css was preloaded using link preload but not used within a few seconds from the window's load event. Please make sure it has an appropriate `as` value and it is preloaded intentionally. @ http://localhost:3000/merchant/login:0
[  525749ms] [WARNING] The resource http://localhost:3000/_next/static/media/797e433ab948586e-s.p.479bea2b.woff2 was preloaded using link preload but not used within a few seconds from the window's load event. Please make sure it has an appropriate `as` value and it is preloaded intentionally. @ http://localhost:3000/merchant/login:0
[  541920ms] [LOG] [Fast Refresh] rebuilding @ http://localhost:3000/_next/static/chunks/38e83_next_dist_fcd535bf._.js:2297
[  542098ms] [LOG] [Fast Refresh] done in 279ms @ http://localhost:3000/_next/static/chunks/38e83_next_dist_fcd535bf._.js:2297
[  632191ms] [LOG] [Fast Refresh] rebuilding @ http://localhost:3000/_next/static/chunks/38e83_next_dist_fcd535bf._.js:2297
[  632377ms] [LOG] [Fast Refresh] done in 278ms @ http://localhost:3000/_next/static/chunks/38e83_next_dist_fcd535bf._.js:2297
[ 1979937ms] [ERROR] WebSocket connection to 'ws://localhost:3000/_next/webpack-hmr?id=t3ic_syaXeX8eNbgLPaHi' failed: Error in connection establishment: net::ERR_CONNECTION_REFUSED @ http://localhost:3000/_next/static/chunks/38e83_next_dist_client_cad49bac._.js:10878
[ 1980942ms] [ERROR] WebSocket connection to 'ws://localhost:3000/_next/webpack-hmr?id=t3ic_syaXeX8eNbgLPaHi' failed: Error in connection establishment: net::ERR_CONNECTION_REFUSED @ http://localhost:3000/_next/static/chunks/38e83_next_dist_client_cad49bac._.js:10878
[ 1981944ms] [ERROR] WebSocket connection to 'ws://localhost:3000/_next/webpack-hmr?id=t3ic_syaXeX8eNbgLPaHi' failed: Error in connection establishment: net::ERR_CONNECTION_REFUSED @ http://localhost:3000/_next/static/chunks/38e83_next_dist_client_cad49bac._.js:10878
[ 1982947ms] [ERROR] WebSocket connection to 'ws://localhost:3000/_next/webpack-hmr?id=t3ic_syaXeX8eNbgLPaHi' failed: Error in connection establishment: net::ERR_CONNECTION_REFUSED @ http://localhost:3000/_next/static/chunks/38e83_next_dist_client_cad49bac._.js:10878
[ 1983958ms] [ERROR] WebSocket connection to 'ws://localhost:3000/_next/webpack-hmr?id=t3ic_syaXeX8eNbgLPaHi' failed: Error in connection establishment: net::ERR_CONNECTION_REFUSED @ http://localhost:3000/_next/static/chunks/38e83_next_dist_client_cad49bac._.js:10878
[ 1988962ms] [ERROR] WebSocket connection to 'ws://localhost:3000/_next/webpack-hmr?id=t3ic_syaXeX8eNbgLPaHi' failed: Error in connection establishment: net::ERR_CONNECTION_REFUSED @ http://localhost:3000/_next/static/chunks/38e83_next_dist_client_cad49bac._.js:10878
[ 1993983ms] [ERROR] WebSocket connection to 'ws://localhost:3000/_next/webpack-hmr?id=t3ic_syaXeX8eNbgLPaHi' failed: Error in connection establishment: net::ERR_CONNECTION_REFUSED @ http://localhost:3000/_next/static/chunks/38e83_next_dist_client_cad49bac._.js:10878
[ 1999058ms] [ERROR] WebSocket connection to 'ws://localhost:3000/_next/webpack-hmr?id=t3ic_syaXeX8eNbgLPaHi' failed: Error in connection establishment: net::ERR_CONNECTION_REFUSED @ http://localhost:3000/_next/static/chunks/38e83_next_dist_client_cad49bac._.js:10878
[ 2004233ms] [ERROR] WebSocket connection to 'ws://localhost:3000/_next/webpack-hmr?id=t3ic_syaXeX8eNbgLPaHi' failed: Error in connection establishment: net::ERR_CONNECTION_REFUSED @ http://localhost:3000/_next/static/chunks/38e83_next_dist_client_cad49bac._.js:10878
[ 2009270ms] [ERROR] WebSocket connection to 'ws://localhost:3000/_next/webpack-hmr?id=t3ic_syaXeX8eNbgLPaHi' failed: Error in connection establishment: net::ERR_CONNECTION_REFUSED @ http://localhost:3000/_next/static/chunks/38e83_next_dist_client_cad49bac._.js:10878
[ 2014328ms] [ERROR] WebSocket connection to 'ws://localhost:3000/_next/webpack-hmr?id=t3ic_syaXeX8eNbgLPaHi' failed: Error in connection establishment: net::ERR_CONNECTION_REFUSED @ http://localhost:3000/_next/static/chunks/38e83_next_dist_client_cad49bac._.js:10878
[ 2019576ms] [ERROR] WebSocket connection to 'ws://localhost:3000/_next/webpack-hmr?id=t3ic_syaXeX8eNbgLPaHi' failed: Error in connection establishment: net::ERR_CONNECTION_REFUSED @ http://localhost:3000/_next/static/chunks/38e83_next_dist_client_cad49bac._.js:10878
[ 2057288ms] [INFO] %cDownload the React DevTools for a better development experience: https://react.dev/link/react-devtools font-weight:bold @ http://localhost:3000/_next/static/chunks/38e83_next_dist_fcd535bf._.js:2297
[ 2057383ms] [LOG] [HMR] connected @ http://localhost:3000/_next/static/chunks/38e83_next_dist_fcd535bf._.js:2297
[ 2060435ms] [WARNING] The resource http://localhost:3000/_next/static/media/caa3a2e1cccd8315-s.p.3b6cae6d.woff2 was preloaded using link preload but not used within a few seconds from the window's load event. Please make sure it has an appropriate `as` value and it is preloaded intentionally. @ http://localhost:3000/merchant/login:0
[ 2060436ms] [WARNING] The resource http://localhost:3000/_next/static/chunks/%5Broot-of-the-server%5D__86e6d70c._.css was preloaded using link preload but not used within a few seconds from the window's load event. Please make sure it has an appropriate `as` value and it is preloaded intentionally. @ http://localhost:3000/merchant/login:0
[ 2060436ms] [WARNING] The resource http://localhost:3000/_next/static/media/797e433ab948586e-s.p.479bea2b.woff2 was preloaded using link preload but not used within a few seconds from the window's load event. Please make sure it has an appropriate `as` value and it is preloaded intentionally. @ http://localhost:3000/merchant/login:0
[ 2087410ms] [LOG] [Fast Refresh] rebuilding @ http://localhost:3000/_next/static/chunks/38e83_next_dist_fcd535bf._.js:2297
[ 2087463ms] [LOG] [Fast Refresh] done in 162ms @ http://localhost:3000/_next/static/chunks/38e83_next_dist_fcd535bf._.js:2297
[ 2095489ms] [LOG] [Fast Refresh] rebuilding @ http://localhost:3000/_next/static/chunks/38e83_next_dist_fcd535bf._.js:2297
[ 2095490ms] [LOG] [Fast Refresh] done in 102ms @ http://localhost:3000/_next/static/chunks/38e83_next_dist_fcd535bf._.js:2297
[ 2236420ms] [LOG] [Fast Refresh] rebuilding @ http://localhost:3000/_next/static/chunks/38e83_next_dist_fcd535bf._.js:2297
[ 2236478ms] [LOG] [Fast Refresh] done in 161ms @ http://localhost:3000/_next/static/chunks/38e83_next_dist_fcd535bf._.js:2297
[ 2237021ms] [LOG] [Fast Refresh] rebuilding @ http://localhost:3000/_next/static/chunks/38e83_next_dist_fcd535bf._.js:2297
[ 2237250ms] [LOG] [Fast Refresh] done in 332ms @ http://localhost:3000/_next/static/chunks/38e83_next_dist_fcd535bf._.js:2297
[ 2259655ms] [LOG] [Fast Refresh] rebuilding @ http://localhost:3000/_next/static/chunks/38e83_next_dist_fcd535bf._.js:2297
[ 2259662ms] [LOG] [Fast Refresh] done in 108ms @ http://localhost:3000/_next/static/chunks/38e83_next_dist_fcd535bf._.js:2297
[ 2259776ms] [LOG] [Fast Refresh] rebuilding @ http://localhost:3000/_next/static/chunks/38e83_next_dist_fcd535bf._.js:2297
[ 2259885ms] [LOG] [Fast Refresh] done in 211ms @ http://localhost:3000/_next/static/chunks/38e83_next_dist_fcd535bf._.js:2297
[ 2616861ms] [LOG] [Fast Refresh] rebuilding @ http://localhost:3000/_next/static/chunks/38e83_next_dist_fcd535bf._.js:2297
[ 2616946ms] [LOG] [Fast Refresh] done in 191ms @ http://localhost:3000/_next/static/chunks/38e83_next_dist_fcd535bf._.js:2297
[ 2621722ms] [LOG] [Fast Refresh] rebuilding @ http://localhost:3000/_next/static/chunks/38e83_next_dist_fcd535bf._.js:2297
[ 2621798ms] [LOG] [Fast Refresh] done in 179ms @ http://localhost:3000/_next/static/chunks/38e83_next_dist_fcd535bf._.js:2297
[ 2775961ms] [LOG] [Fast Refresh] rebuilding @ http://localhost:3000/_next/static/chunks/38e83_next_dist_fcd535bf._.js:2297
[ 2776718ms] Error: No link element found for chunk /_next/static/chunks/%5Broot-of-the-server%5D__86e6d70c._.css
    at http://localhost:3000/_next/static/chunks/turbopack-_ebafe6b6._.js:1801:28
    at new Promise (<anonymous>)
    at Object.reloadChunk (http://localhost:3000/_next/static/chunks/turbopack-_ebafe6b6._.js:1793:20)
    at applyChunkListUpdate (http://localhost:3000/_next/static/chunks/turbopack-_ebafe6b6._.js:1174:46)
    at applyUpdate (http://localhost:3000/_next/static/chunks/turbopack-_ebafe6b6._.js:1148:13)
    at handleApply (http://localhost:3000/_next/static/chunks/turbopack-_ebafe6b6._.js:1368:17)
    at triggerUpdate (http://localhost:3000/_next/static/chunks/%5Bturbopack%5D_browser_dev_hmr-client_hmr-client_ts_c8c997ce._.js:452:9)
    at applyAggregatedUpdates (http://localhost:3000/_next/static/chunks/%5Bturbopack%5D_browser_dev_hmr-client_hmr-client_ts_c8c997ce._.js:98:9)
    at http://localhost:3000/_next/static/chunks/%5Bturbopack%5D_browser_dev_hmr-client_hmr-client_ts_c8c997ce._.js:32:21
    at processTurbopackMessage (http://localhost:3000/_next/static/chunks/38e83_next_dist_client_cad49bac._.js:10950:13)
    at processMessage (http://localhost:3000/_next/static/chunks/38e83_next_dist_client_cad49bac._.js:11591:17)
    at WebSocket.handleMessage (http://localhost:3000/_next/static/chunks/38e83_next_dist_client_cad49bac._.js:10914:52)
[ 2776749ms] Error: No link element found for chunk /_next/static/chunks/%5Broot-of-the-server%5D__86e6d70c._.css
    at http://localhost:3000/_next/static/chunks/turbopack-_ebafe6b6._.js:1801:28
    at new Promise (<anonymous>)
    at Object.reloadChunk (http://localhost:3000/_next/static/chunks/turbopack-_ebafe6b6._.js:1793:20)
    at applyChunkListUpdate (http://localhost:3000/_next/static/chunks/turbopack-_ebafe6b6._.js:1174:46)
    at applyUpdate (http://localhost:3000/_next/static/chunks/turbopack-_ebafe6b6._.js:1148:13)
    at handleApply (http://localhost:3000/_next/static/chunks/turbopack-_ebafe6b6._.js:1368:17)
    at triggerUpdate (http://localhost:3000/_next/static/chunks/%5Bturbopack%5D_browser_dev_hmr-client_hmr-client_ts_c8c997ce._.js:452:9)
    at applyAggregatedUpdates (http://localhost:3000/_next/static/chunks/%5Bturbopack%5D_browser_dev_hmr-client_hmr-client_ts_c8c997ce._.js:98:9)
    at http://localhost:3000/_next/static/chunks/%5Bturbopack%5D_browser_dev_hmr-client_hmr-client_ts_c8c997ce._.js:32:21
    at processTurbopackMessage (http://localhost:3000/_next/static/chunks/38e83_next_dist_client_cad49bac._.js:10950:13)
    at processMessage (http://localhost:3000/_next/static/chunks/38e83_next_dist_client_cad49bac._.js:11591:17)
    at WebSocket.handleMessage (http://localhost:3000/_next/static/chunks/38e83_next_dist_client_cad49bac._.js:10914:52)
[ 2776736ms] [LOG] [Fast Refresh] done in 860ms @ http://localhost:3000/_next/static/chunks/38e83_next_dist_fcd535bf._.js:2297
[ 2776860ms] [LOG] [Fast Refresh] rebuilding @ http://localhost:3000/_next/static/chunks/38e83_next_dist_fcd535bf._.js:2297
[ 2776891ms] [LOG] [Fast Refresh] done in 132ms @ http://localhost:3000/_next/static/chunks/38e83_next_dist_fcd535bf._.js:2297
[ 2780043ms] [WARNING] The resource http://localhost:3000/_next/static/media/caa3a2e1cccd8315-s.p.3b6cae6d.woff2 was preloaded using link preload but not used within a few seconds from the window's load event. Please make sure it has an appropriate `as` value and it is preloaded intentionally. @ http://localhost:3000/merchant/login:0
[ 2780044ms] [WARNING] The resource http://localhost:3000/_next/static/chunks/%5Broot-of-the-server%5D__86e6d70c._.css was preloaded using link preload but not used within a few seconds from the window's load event. Please make sure it has an appropriate `as` value and it is preloaded intentionally. @ http://localhost:3000/merchant/login:0
[ 2780044ms] [WARNING] The resource http://localhost:3000/_next/static/media/797e433ab948586e-s.p.479bea2b.woff2 was preloaded using link preload but not used within a few seconds from the window's load event. Please make sure it has an appropriate `as` value and it is preloaded intentionally. @ http://localhost:3000/merchant/login:0
[ 2916670ms] [LOG] [Fast Refresh] rebuilding @ http://localhost:3000/_next/static/chunks/38e83_next_dist_fcd535bf._.js:2297
[ 2916725ms] [LOG] [Fast Refresh] done in 160ms @ http://localhost:3000/_next/static/chunks/38e83_next_dist_fcd535bf._.js:2297
[ 2941142ms] [LOG] [Fast Refresh] rebuilding @ http://localhost:3000/_next/static/chunks/38e83_next_dist_fcd535bf._.js:2297
[ 2941445ms] [LOG] [Fast Refresh] done in 345ms @ http://localhost:3000/_next/static/chunks/38e83_next_dist_fcd535bf._.js:2297
[ 2943191ms] [LOG] [Fast Refresh] rebuilding @ http://localhost:3000/_next/static/chunks/38e83_next_dist_fcd535bf._.js:2297
[ 2943266ms] [LOG] [Fast Refresh] done in 176ms @ http://localhost:3000/_next/static/chunks/38e83_next_dist_fcd535bf._.js:2297
[ 2944640ms] [WARNING] The resource http://localhost:3000/_next/static/media/caa3a2e1cccd8315-s.p.3b6cae6d.woff2 was preloaded using link preload but not used within a few seconds from the window's load event. Please make sure it has an appropriate `as` value and it is preloaded intentionally. @ http://localhost:3000/merchant/login:0
[ 2944640ms] [WARNING] The resource http://localhost:3000/_next/static/chunks/%5Broot-of-the-server%5D__86e6d70c._.css was preloaded using link preload but not used within a few seconds from the window's load event. Please make sure it has an appropriate `as` value and it is preloaded intentionally. @ http://localhost:3000/merchant/login:0
[ 2944640ms] [WARNING] The resource http://localhost:3000/_next/static/media/797e433ab948586e-s.p.479bea2b.woff2 was preloaded using link preload but not used within a few seconds from the window's load event. Please make sure it has an appropriate `as` value and it is preloaded intentionally. @ http://localhost:3000/merchant/login:0
[ 2945246ms] [LOG] [Fast Refresh] rebuilding @ http://localhost:3000/_next/static/chunks/38e83_next_dist_fcd535bf._.js:2297
[ 2945260ms] [LOG] [Fast Refresh] done in 115ms @ http://localhost:3000/_next/static/chunks/38e83_next_dist_fcd535bf._.js:2297
[ 2995446ms] [LOG] [Fast Refresh] rebuilding @ http://localhost:3000/_next/static/chunks/38e83_next_dist_fcd535bf._.js:2297
[ 2996015ms] [LOG] [Fast Refresh] done in 669ms @ http://localhost:3000/_next/static/chunks/38e83_next_dist_fcd535bf._.js:2297
[ 2996133ms] [LOG] [Fast Refresh] rebuilding @ http://localhost:3000/_next/static/chunks/38e83_next_dist_fcd535bf._.js:2297
[ 2996310ms] [LOG] [Fast Refresh] done in 277ms @ http://localhost:3000/_next/static/chunks/38e83_next_dist_fcd535bf._.js:2297
[ 2998750ms] [WARNING] The resource http://localhost:3000/_next/static/media/caa3a2e1cccd8315-s.p.3b6cae6d.woff2 was preloaded using link preload but not used within a few seconds from the window's load event. Please make sure it has an appropriate `as` value and it is preloaded intentionally. @ http://localhost:3000/merchant/login:0
[ 2998750ms] [WARNING] The resource http://localhost:3000/_next/static/chunks/%5Broot-of-the-server%5D__86e6d70c._.css was preloaded using link preload but not used within a few seconds from the window's load event. Please make sure it has an appropriate `as` value and it is preloaded intentionally. @ http://localhost:3000/merchant/login:0
[ 2998750ms] [WARNING] The resource http://localhost:3000/_next/static/media/797e433ab948586e-s.p.479bea2b.woff2 was preloaded using link preload but not used within a few seconds from the window's load event. Please make sure it has an appropriate `as` value and it is preloaded intentionally. @ http://localhost:3000/merchant/login:0
[ 3025427ms] [LOG] [Fast Refresh] rebuilding @ http://localhost:3000/_next/static/chunks/38e83_next_dist_fcd535bf._.js:2297
[ 3025458ms] [LOG] [Fast Refresh] done in 68ms @ http://localhost:3000/_next/static/chunks/38e83_next_dist_fcd535bf._.js:2297
[ 3028619ms] [WARNING] The resource http://localhost:3000/_next/static/media/caa3a2e1cccd8315-s.p.3b6cae6d.woff2 was preloaded using link preload but not used within a few seconds from the window's load event. Please make sure it has an appropriate `as` value and it is preloaded intentionally. @ http://localhost:3000/merchant/login:0
[ 3028619ms] [WARNING] The resource http://localhost:3000/_next/static/chunks/%5Broot-of-the-server%5D__86e6d70c._.css was preloaded using link preload but not used within a few seconds from the window's load event. Please make sure it has an appropriate `as` value and it is preloaded intentionally. @ http://localhost:3000/merchant/login:0
[ 3028619ms] [WARNING] The resource http://localhost:3000/_next/static/media/797e433ab948586e-s.p.479bea2b.woff2 was preloaded using link preload but not used within a few seconds from the window's load event. Please make sure it has an appropriate `as` value and it is preloaded intentionally. @ http://localhost:3000/merchant/login:0
[ 3058098ms] [LOG] [Fast Refresh] rebuilding @ http://localhost:3000/_next/static/chunks/38e83_next_dist_fcd535bf._.js:2297
[ 3058182ms] [LOG] [Fast Refresh] done in 185ms @ http://localhost:3000/_next/static/chunks/38e83_next_dist_fcd535bf._.js:2297
